// Vitest Snapshot v1, https://vitest.dev/guide/snapshot.html

exports[`Accordion > renders basic case correctly 1`] = `"<div class=""></div>"`;
