// Vitest Snapshot v1, https://vitest.dev/guide/snapshot.html

exports[`Icon > renders basic case correctly 1`] = `"<span class=""></span>"`;

exports[`Icon > renders with name correctly 1`] = `"<span class="i-heroicons-academic-cap"></span>"`;
