// Vitest Snapshot v1, https://vitest.dev/guide/snapshot.html

exports[`Form > renders basic case correctly 1`] = `"<form></form>"`;

exports[`Form > renders with default slot correctly 1`] = `"<form>Default slot</form>"`;
