// Vitest Snapshot v1, https://vitest.dev/guide/snapshot.html

exports[`SelectMenu > renders basic case correctly 1`] = `
"<div class="" data-headlessui-state="">
  <!--v-if-->
  <div id="headlessui-listbox-button-0" aria-haspopup="listbox" aria-expanded="false" data-headlessui-state="" role="button" class="">label</div>
  <!--v-if-->
</div>"
`;
